// Jest Snapshot v1, https://goo.gl/fbAQLP

exports[`Pruebas en el componente <GifExpertApp /> debe de mostrar una lista de categor√≠as 1`] = `
<Fragment>
  <h2>
    GifExpertApp
  </h2>
  <AddCategory
    setCategories={[Function]}
  />
  <hr />
  <ol>
    <GifGrid
      category="Gamora"
      key="Gamora"
    />
    <GifGrid
      category="Dragon Ball"
      key="Dragon Ball"
    />
  </ol>
</Fragment>
`;

exports[`Pruebas en el componente <GifExpertApp /> se debe mostrar el componente correctamente  1`] = `
<Fragment>
  <h2>
    GifExpertApp
  </h2>
  <AddCategory
    setCategories={[Function]}
  />
  <hr />
  <ol />
</Fragment>
`;
